// Jest Snapshot v1, https://goo.gl/fbAQLP

exports[`renders homepage unchanged 1`] = `
Array [
  <section
    className="copy"
  >
    <div
      className="copyInner"
    >
      <a
        href="/Resume.pdf"
      >
        <button
          className="button"
        >
          View Resume
        </button>
      </a>
    </div>
    <div
      className="header"
    >
      <h2
        className="topTitle"
      >
        <span
          className="title"
        >
          Experience
        </span>
      </h2>
      <h3
        className="topTitle"
      >
        Skills and Technologies
      </h3>
    </div>
    <div
      className="copyInner"
    >
      <a
        href="https://github.com/mysticfalconvt"
      >
        <button
          className="button"
        >
          Visit on Github
        </button>
      </a>
    </div>
  </section>,
  <section
    className="features"
  >
    <div
      className="feature"
    >
      <a
        className="feature"
        href="https://boskind.tech/blog/tinkercad-in-math-class"
      >
        <h2
          className="title"
        >
          Math Teacher
           →
        </h2>
        <p
          className="description"
        >
          Teaching 8th grade math with a flare for making and code.
        </p>
      </a>
    </div>
    <div
      className="feature"
    >
      <a
        className="feature"
        href="https://textbasedstarter-1.grimgarbage.repl.co/"
      >
        <h2
          className="title"
        >
          Coding Club
           →
        </h2>
        <p
          className="description"
        >
          Supervising a group of enthusiastic middle-schoolers creating great projects using Python or Javascript
        </p>
      </a>
    </div>
    <div
      className="feature"
    >
      <a
        className="feature"
        href="https://nextjs.org/"
      >
        <h2
          className="title"
        >
          Next.js
           →
        </h2>
        <p
          className="description"
        >
          Best developer experience with all the features you need for production: hybrid static & server rendering
        </p>
      </a>
    </div>
    <div
      className="feature"
    >
      <a
        className="feature"
        href="https://reactjs.org/"
      >
        <h2
          className="title"
        >
          React.js
           →
        </h2>
        <p
          className="description"
        >
          JavaScript library for building user interfaces.
        </p>
      </a>
    </div>
    <div
      className="feature"
    >
      <a
        className="feature"
        href="https://www.typescriptlang.org/"
      >
        <h2
          className="title"
        >
          TypeScript
           →
        </h2>
        <p
          className="description"
        >
          Strongly typed programming language that builds on JavaScript.
        </p>
      </a>
    </div>
    <div
      className="feature"
    >
      <a
        className="feature"
        href="https://tailwindcss.com/"
      >
        <h2
          className="title"
        >
          Tailwind with JIT
           →
        </h2>
        <p
          className="description"
        >
          A utility-first CSS framework packed with classes.
        </p>
      </a>
    </div>
    <div
      className="feature"
    >
      <a
        className="feature"
        href="https://tailwindcss.com/docs/dark-mode"
      >
        <h2
          className="title"
        >
          Dark Mode
           →
        </h2>
        <p
          className="description"
        >
          Dark theme support for CSS-Modules and Tailwind.
        </p>
      </a>
    </div>
    <div
      className="feature"
    >
      <a
        className="feature"
        href="https://nodejs.org/"
      >
        <h2
          className="title"
        >
          Node.js
           →
        </h2>
        <p
          className="description"
        >
          JavaScript runtime built on Chrome's V8 JavaScript engine.
        </p>
      </a>
    </div>
    <div
      className="feature"
    >
      <a
        className="feature"
        href="https://expressjs.com/"
      >
        <h2
          className="title"
        >
          Express
           →
        </h2>
        <p
          className="description"
        >
          Fast, unopinionated, minimalist web framework for Node.js.
        </p>
      </a>
    </div>
    <div
      className="feature"
    >
      <a
        className="feature"
        href="https://www.mongodb.com/"
      >
        <h2
          className="title"
        >
          MongoDB
           →
        </h2>
        <p
          className="description"
        >
          NoSQL database with a JSON-like document schema.
        </p>
      </a>
    </div>
  </section>,
]
`;
