// Jest Snapshot v1, https://goo.gl/fbAQLP

exports[`renders homepage unchanged 1`] = `
Array [
  <section
    className="copy"
  >
    <div
      className="copyInner"
    >
      <a
        href="/Resume Robert Boskind.pdf"
      >
        <button
          className="button"
        >
          View Resume
        </button>
      </a>
    </div>
    <div
      className="header"
    >
      <h2
        className="topTitle"
      >
        <span
          className="title"
        >
          Experience
        </span>
      </h2>
      <h3
        className="topTitle"
      >
        Skills and Technologies
      </h3>
    </div>
    <div
      className="copyInner"
    >
      <a
        href="https://github.com/mysticfalconvt"
      >
        <button
          className="button"
        >
          Visit on Github
        </button>
      </a>
    </div>
  </section>,
  <section
    className="features"
  >
    <div
      className="feature"
    >
      <a
        className="feature"
        href="https://www.stardog.com/"
      >
        <h2
          className="title"
        >
          Software Engineer
           →
        </h2>
        <p
          className="description"
        >
          Visual Experience Team at Stardog. Building a data visualization tool for the Semantic Graph Database.
        </p>
      </a>
    </div>
    <div
      className="feature"
    >
      <a
        className="feature"
        href="https://github.com/mysticfalconvt"
      >
        <h2
          className="title"
        >
          Full-Stack Developer
           →
        </h2>
        <p
          className="description"
        >
          I build applications from idea to production serving many daily users.
        </p>
      </a>
    </div>
    <div
      className="feature"
    >
      <a
        className="feature"
        href="https://boskind.tech/blog/school-dashboard-mk-ii"
      >
        <h2
          className="title"
        >
          School Dashboard Application
           →
        </h2>
        <p
          className="description"
        >
          I built this application to help teachers, students, and parents manage their school experience.
        </p>
      </a>
    </div>
    <div
      className="feature"
    >
      <a
        className="feature"
        href="https://boskind.tech/blog/tinkercad-in-math-class"
      >
        <h2
          className="title"
        >
          Math Teacher
           →
        </h2>
        <p
          className="description"
        >
          Teaching 8th grade math with a flare for making and code.
        </p>
      </a>
    </div>
    <div
      className="feature"
    >
      <a
        className="feature"
        href="https://textbasedstarter-1.grimgarbage.repl.co/"
      >
        <h2
          className="title"
        >
          Coding Club
           →
        </h2>
        <p
          className="description"
        >
          Supervising a group of enthusiastic middle-schoolers creating great projects using Python or Javascript
        </p>
      </a>
    </div>
    <div
      className="feature"
    >
      <a
        className="feature"
        href="https://www.polywork.com/robboskind"
      >
        <h2
          className="title"
        >
          Polywork
           →
        </h2>
        <p
          className="description"
        >
          Polywork is a professional network where people highlight all kinds of things they do. ... No more job titles and descriptions that don't fit your work.
        </p>
      </a>
    </div>
    <div
      className="feature"
    >
      <a
        className="feature"
        href="https://nextjs.org/"
      >
        <h2
          className="title"
        >
          Next.js
           →
        </h2>
        <p
          className="description"
        >
          Best developer experience with all the features you need for production: hybrid static & server rendering
        </p>
      </a>
    </div>
    <div
      className="feature"
    >
      <a
        className="feature"
        href="https://reactjs.org/"
      >
        <h2
          className="title"
        >
          React.js
           →
        </h2>
        <p
          className="description"
        >
          JavaScript library for building user interfaces.
        </p>
      </a>
    </div>
    <div
      className="feature"
    >
      <a
        className="feature"
        href="https://nodejs.org/"
      >
        <h2
          className="title"
        >
          Node.js
           →
        </h2>
        <p
          className="description"
        >
          JavaScript runtime built on Chrome's V8 JavaScript engine.
        </p>
      </a>
    </div>
    <div
      className="feature"
    >
      <a
        className="feature"
        href="https://expressjs.com/"
      >
        <h2
          className="title"
        >
          Express
           →
        </h2>
        <p
          className="description"
        >
          Fast, unopinionated, minimalist web framework for Node.js.
        </p>
      </a>
    </div>
    <div
      className="feature"
    >
      <a
        className="feature"
        href="https://www.mongodb.com/"
      >
        <h2
          className="title"
        >
          MongoDB
           →
        </h2>
        <p
          className="description"
        >
          NoSQL database with a JSON-like document schema.
        </p>
      </a>
    </div>
    <div
      className="feature"
    >
      <a
        className="feature"
        href="https://boskind.tech"
      >
        <h2
          className="title"
        >
          Gatsby.js
           →
        </h2>
        <p
          className="description"
        >
          Static site generator to build fast, secure, and powerful websites using a React-based framework.
        </p>
      </a>
    </div>
    <div
      className="feature"
    >
      <a
        className="feature"
        href="https://graphql.org/"
      >
        <h2
          className="title"
        >
          GraphQL
           →
        </h2>
        <p
          className="description"
        >
          A query language for APIs and a runtime for fulfilling those queries with your existing data.
        </p>
      </a>
    </div>
    <div
      className="feature"
    >
      <a
        className="feature"
        href="https://react-query.tanstack.com/"
      >
        <h2
          className="title"
        >
          React-Query
           →
        </h2>
        <p
          className="description"
        >
          Fetch, cache and update data in your React and React Native applications all without touching any "global state".
        </p>
      </a>
    </div>
    <div
      className="feature"
    >
      <a
        className="feature"
        href="https://styled-components.com/"
      >
        <h2
          className="title"
        >
          Styled Components
           →
        </h2>
        <p
          className="description"
        >
          Visual primitives for the component age. Use the best bits of ES6 and CSS to style your apps without stress
        </p>
      </a>
    </div>
    <div
      className="feature"
    >
      <a
        className="feature"
        href="https://tailwindcss.com/"
      >
        <h2
          className="title"
        >
          Tailwind
           →
        </h2>
        <p
          className="description"
        >
          A utility-first CSS framework packed with classes.
        </p>
      </a>
    </div>
    <div
      className="feature"
    >
      <a
        className="feature"
        href="https://www.typescriptlang.org/"
      >
        <h2
          className="title"
        >
          TypeScript
           →
        </h2>
        <p
          className="description"
        >
          Strongly typed programming language that builds on JavaScript.
        </p>
      </a>
    </div>
    <div
      className="feature"
    >
      <a
        className="feature"
        href="https://www.netlify.com/"
      >
        <h2
          className="title"
        >
          Netlify
           →
        </h2>
        <p
          className="description"
        >
          A fully-managed platform for deploying static sites.
        </p>
      </a>
    </div>
    <div
      className="feature"
    >
      <a
        className="feature"
        href="https://www.linode.com/"
      >
        <h2
          className="title"
        >
          Linode
           →
        </h2>
        <p
          className="description"
        >
          A cloud platform for hosting websites and apps.
        </p>
      </a>
    </div>
  </section>,
]
`;
